current directory: /home/varun/varunraveendra.github.io/vendor/bundle/ruby/3.2.0/gems/json-2.14.1/ext/json/ext/parser
/usr/bin/ruby3.2 -I/usr/lib/ruby/vendor_ruby extconf.rb
checking for rb_enc_interned_str() in ruby/encoding.h... yes
checking for rb_hash_new_capa() in ruby.h... yes
checking for rb_hash_bulk_insert() in ruby.h... yes
checking for strnlen() in string.h... yes
checking for whether -std=c99 is accepted as CFLAGS... yes
checking for x86intrin.h... yes
checking for cpuid.h... yes
creating Makefile

current directory: /home/varun/varunraveendra.github.io/vendor/bundle/ruby/3.2.0/gems/json-2.14.1/ext/json/ext/parser
make DESTDIR\= sitearchdir\=./.gem.20250919-2403-vc61or sitelibdir\=./.gem.20250919-2403-vc61or clean

current directory: /home/varun/varunraveendra.github.io/vendor/bundle/ruby/3.2.0/gems/json-2.14.1/ext/json/ext/parser
make DESTDIR\= sitearchdir\=./.gem.20250919-2403-vc61or sitelibdir\=./.gem.20250919-2403-vc61or
compiling parser.c
linking shared-object json/ext/parser.so

current directory: /home/varun/varunraveendra.github.io/vendor/bundle/ruby/3.2.0/gems/json-2.14.1/ext/json/ext/parser
make DESTDIR\= sitearchdir\=./.gem.20250919-2403-vc61or sitelibdir\=./.gem.20250919-2403-vc61or install
/usr/bin/install -c -m 0755 parser.so ./.gem.20250919-2403-vc61or/json/ext

current directory: /home/varun/varunraveendra.github.io/vendor/bundle/ruby/3.2.0/gems/json-2.14.1/ext/json/ext/parser
make DESTDIR\= sitearchdir\=./.gem.20250919-2403-vc61or sitelibdir\=./.gem.20250919-2403-vc61or clean
